
Memory Configuration

Name             Origin             Length             Attributes
ROM              0x0000000000000000 0x0000000000008000 xr
RAM              0x0000000000800100 0x000000000000079c rw !x
*default*        0x0000000000000000 0xffffffffffffffff

Linker script and memory map

Address of section .data set to 0x800100
                0x0000000000800800                __initial_stack_pointer = 0x800800
                0x0000000000000000                . = 0x0
                0x0000000000000000                . = ALIGN (0x2)

.isr_vectors    0x0000000000000000        0x0
 *(.isr_vectors)
                0x0000000000000000                . = ALIGN (0x2)
 *(.isr_vectors)

.startup        0x0000000000000000        0x0
 *(.startup)
                0x0000000000000000                . = ALIGN (0x2)
 *(.startup)

.text           0x0000000000000000       0x3e
                0x0000000000000000                __ctors_start = .
 *(.ctors)
 .ctors         0x0000000000000000        0x2 bin/main.o
                0x0000000000000002                . = ALIGN (0x2)
 *(SORT(.ctors))
                0x0000000000000002                __ctors_end = .
 *(.progmem*)
                0x0000000000000002                . = ALIGN (0x2)
 *(.trampolines*)
 .trampolines   0x0000000000000002        0x0 linker stubs
                0x0000000000000002                . = ALIGN (0x2)
 *(.text)
 .text          0x0000000000000002       0x26 bin/led.o
                0x0000000000000002                _ZN3ledC2Ehh
                0x0000000000000002                _ZN3ledC1Ehh
 .text          0x0000000000000028        0x0 bin/main.o
                0x0000000000000028                . = ALIGN (0x2)
 *(.text*)
 .text.startup  0x0000000000000028       0x16 bin/main.o
                0x0000000000000028                main
                0x000000000000003e                . = ALIGN (0x2)
                0x0000000000800100                . = 0x800100
                0x0000000000800100                . = ALIGN (0x2)

.data           0x0000000000800100        0x0 load address 0x000000000000003e
                0x0000000000800100                __data_start = .
 *(.data)
 .data          0x0000000000800100        0x0 bin/led.o
 .data          0x0000000000800100        0x0 bin/main.o
                0x0000000000800100                . = ALIGN (0x2)
 *(.data)
 *(.data*)
                0x0000000000800100                . = ALIGN (0x2)
 *(.data*)
 *(.rodata)
                0x0000000000800100                . = ALIGN (0x2)
 *(.rodata)
 *(.rodata*)
                0x0000000000800100                . = ALIGN (0x2)
 *(.rodata*)
                0x0000000000800100                __data_end = .

.bss            0x0000000000800100        0x2 load address 0x000000000000003e
                0x0000000000800100                __bss_start = .
 *(.bss)
 .bss           0x0000000000800100        0x0 bin/led.o
 .bss           0x0000000000800100        0x2 bin/main.o
                0x0000000000800102                . = ALIGN (0x2)
 *(.bss)
 *(.bss*)
                0x0000000000800102                . = ALIGN (0x2)
 *(.bss*)
                0x0000000000800102                __bss_end = .
                0x000000000000003e                __data_load_start = LOADADDR (.data)
LOAD bin/led.o
LOAD bin/main.o
OUTPUT(bin/led.elf elf32-avr)
LOAD linker stubs

.comment        0x0000000000000000       0x11
 .comment       0x0000000000000000       0x11 bin/led.o
                                         0x12 (size before relaxing)
 .comment       0x0000000000000011       0x12 bin/main.o
